[Licensing::Module] Trying to connect to existing licensing client channel...
Built from '6000.4/staging' branch; Version is '6000.4.1f1 (8535861f39e1) revision 8729990'; Using compiler version '194234433'; Build Type 'Release'
OS: 'Windows 11  (10.0.26200) ProfessionalWorkstation' Language: 'ru' Physical Memory: 16119 MB
BatchMode: 1, IsHumanControllingUs: 0, StartBugReporterOnCrash: 0, Is64bit: 1
[Licensing::IpcConnector] Successfully connected to: "LicenseClient-ruha" at "2026-05-17T21:12:33.1406475Z"
System  architecture: x64
Process architecture: x64
Date: 2026-05-17T21:12:33Z

COMMAND LINE ARGUMENTS:
C:\Program Files\Unity\Hub\Editor\6000.4.1f1\Editor\Unity.exe
-batchmode
-quit
-projectPath
C:\Users\ruha\Game-Dev
-buildWindows64Player
C:\Users\ruha\Game-Dev\Builds\Windows\AeroOS.exe
-logFile
C:\Users\ruha\Game-Dev\build-output.log
Successfully changed project path to: C:\Users\ruha\Game-Dev
C:/Users/ruha/Game-Dev
Exiting without the bug reporter. Application will terminate with return code 1